// Jest Snapshot v1, https://goo.gl/fbAQLP

exports[`Overview Tests Renders correctly 1`] = `
<div>
  <h1>
    Overview
  </h1>
  <button
    onClick={[Function]}
  >
    Say Hello
  </button>
  <span>
     â†’ 
  </span>
  <span
    className="message"
  />
</div>
`;
